Traceback (most recent call last):
  File "/home/dan/.conda/envs/rgeo/lib/python3.13/site-packages/jupyter_cache/executors/utils.py", line 58, in single_nb_execution
    executenb(
    ~~~~~~~~~^
        nb,
        ^^^
    ...<4 lines>...
        **kwargs,
        ^^^^^^^^^
    )
    ^
  File "/home/dan/.conda/envs/rgeo/lib/python3.13/site-packages/nbclient/client.py", line 1319, in execute
    return NotebookClient(nb=nb, resources=resources, km=km, **kwargs).execute()
           ~~~~~~~~~~~~~~~~~~~~~~~~~~~~~~~~~~~~~~~~~~~~~~~~~~~~~~~~~~~~~~~~~~~^^
  File "/home/dan/.conda/envs/rgeo/lib/python3.13/site-packages/jupyter_core/utils/__init__.py", line 165, in wrapped
    return loop.run_until_complete(inner)
           ~~~~~~~~~~~~~~~~~~~~~~~^^^^^^^
  File "/home/dan/.conda/envs/rgeo/lib/python3.13/asyncio/base_events.py", line 720, in run_until_complete
    return future.result()
           ~~~~~~~~~~~~~^^
  File "/home/dan/.conda/envs/rgeo/lib/python3.13/site-packages/nbclient/client.py", line 709, in async_execute
    await self.async_execute_cell(
        cell, index, execution_count=self.code_cells_executed + 1
    )
  File "/home/dan/.conda/envs/rgeo/lib/python3.13/site-packages/nbclient/client.py", line 1062, in async_execute_cell
    await self._check_raise_for_error(cell, cell_index, exec_reply)
  File "/home/dan/.conda/envs/rgeo/lib/python3.13/site-packages/nbclient/client.py", line 918, in _check_raise_for_error
    raise CellExecutionError.from_cell_and_msg(cell, exec_reply_content)
nbclient.exceptions.CellExecutionError: An error occurred while executing the following cell:
------------------
# Archivo que contiene las rutas
ssara_list="ssara_list2.txt"

# Archivo que contiene los nombres
lista="lista2.txt"

# Verificar si los archivos existen
if [ ! -f "$ssara_list" ]; then
  echo "El archivo de rutas '$ssara_list' no existe."
  exit 1
fi

if [ ! -f "$lista" ]; then
  echo "El archivo de nombres '$lista' no existe."
  exit 1
fi

# Recorrer las rutas y verificar si los nombres están en la lista
while IFS= read -r ruta; do
  # Extraer el nombre de archivo de la ruta
  nombre_archivo=$(basename "$ruta")

  # Verificar si el nombre de archivo no está en la lista
  if ! grep -q "$nombre_archivo" "$lista"; then
    echo "Archivo no encontrado en la lista: $nombre_archivo"
  fi
done < "$ssara_list"
------------------


[0;36m  Cell [0;32mIn[1], line 8[0;36m[0m
[0;31m    if [ ! -f "$ssara_list" ]; then[0m
[0m         ^[0m
[0;31mSyntaxError[0m[0;31m:[0m invalid syntax


